// Jest Snapshot v1, https://goo.gl/fbAQLP

exports[`label useLabelText should return as it is when input ReactElement 1`] = `
<dot-i>
  test
</dot-i>
`;
